[{"position": [[0.0, 0.0, 0.0], "absolute", null], "type": "Arm", "orientation": [[0, 0, 0], "absolute", null], "parameters": {}, "name": "arm"}, {"position": [[0.0, 0.0, 0.0], "relative", "arm"], "type": "Source_simple", "orientation": [[0, 0, 0], "relative", "arm"], "parameters": {"yh": "0.015", "dist": "1", "dE": "0.2", "xw": "0.024", "radius": "0.015", "E0": "5"}, "name": "source"}, {"position": [[0.0, 0.0, 0.4], "relative", "arm"], "type": "Collimator_linear", "orientation": [[0, 0, 0], "relative", "arm"], "parameters": {"ymax": "0.03", "divergence": "coll_div", "len": "0.2", "xmax": "0.02", "xmin": "-0.02", "ymin": "-0.03"}, "name": "collimator"}, {"position": [[0.0, 0.0, 1.0], "relative", "arm"], "type": "V_sample", "orientation": [[0, 0, 0], "relative", "arm"], "parameters": {"focus_r": "0", "yheight": "0.015", "target_z": "1", "target_x": "0", "target_y": "0", "xwidth": "0.02", "zthick": "0.004", "pack": "1"}, "name": "target"}, {"position": [[0.0, 0.0, 0.0], "relative", "target"], "type": "Arm", "orientation": [[0.0, "ROT", 0.0], "relative", "arm"], "parameters": {}, "name": "arm2"}, {"position": [[0.0, 0.0, 0.0], "relative", "arm2"], "type": "PSD_monitor_4PI", "orientation": [[0, 0, 0], "relative", "arm2"], "parameters": {"nx": "101", "ny": "51", "radius": "10", "filename": "\"vanadium.psd\""}, "name": "PSD_4pi"}]